<testsuites id="" name="" tests="5" failures="0" skipped="0" errors="0" time="13.0422">
<testsuite name="e2e/advanced/export-functionality.spec.ts" timestamp="2025-10-23T14:32:57.877Z" hostname="chromium" tests="1" failures="0" skipped="0" time="8.84" errors="0">
<testcase name="Advanced User - Export Functionality with Different Formats (Story 5) › Export Customization and Options › should provide export customization options" classname="e2e/advanced/export-functionality.spec.ts" time="8.84">
<system-out>
<![CDATA[⏳ Waiting for JSON to be processed...
✅ Loading spinner disappeared: [data-testid="loading"]:visible
✅ Found JSON content with selector: .json-node[data-testid="json-node"]
✅ JSON processing wait completed
⏳ Waiting for JSON to be processed...
✅ Loading spinner disappeared: [data-testid="loading"]:visible
✅ Found JSON content with selector: .json-node[data-testid="json-node"]
✅ JSON processing wait completed
Export customization options found: { indentation: [33m3[39m, encoding: [33m3[39m, compression: [33m3[39m, metadata: [33m2[39m }
Compression checkbox available: true
Primary click on download button failed, attempting JS-triggered click
Exported content preview: {"success":true,"timestamp":"2025-10-23T14:33:00.702Z","requestId":"req_kn1s7pgwyoo","data":{"users":[{"id":1,"username":"user1","email":"user1@example.com","firstName":"Alice","lastName":"Brown","act
⚠ Warning: File is still minified despite indentation setting
This suggests the export might have compression enabled by default
]]>
</system-out>
</testcase>
</testsuite>
<testsuite name="e2e/advanced/export-functionality.spec.ts" timestamp="2025-10-23T14:32:57.877Z" hostname="firefox" tests="1" failures="0" skipped="0" time="8.99" errors="0">
<testcase name="Advanced User - Export Functionality with Different Formats (Story 5) › Export Customization and Options › should provide export customization options" classname="e2e/advanced/export-functionality.spec.ts" time="8.99">
<system-out>
<![CDATA[⏳ Waiting for JSON to be processed...
✅ Loading spinner disappeared: [data-testid="loading"]:visible
✅ Found JSON content with selector: .json-node[data-testid="json-node"]
✅ JSON processing wait completed
⏳ Waiting for JSON to be processed...
✅ Loading spinner disappeared: [data-testid="loading"]:visible
✅ Found JSON content with selector: .json-node[data-testid="json-node"]
✅ JSON processing wait completed
Export customization options found: { indentation: [33m3[39m, encoding: [33m3[39m, compression: [33m3[39m, metadata: [33m2[39m }
Compression checkbox available: true
Primary click on download button failed, attempting JS-triggered click
Exported content preview: {"success":true,"timestamp":"2025-10-23T14:33:01.078Z","requestId":"req_nx2kuwluj9","data":{"users":[{"id":1,"username":"user1","email":"user1@example.com","firstName":"Jane","lastName":"Wilson","acti
⚠ Warning: File is still minified despite indentation setting
This suggests the export might have compression enabled by default
]]>
</system-out>
</testcase>
</testsuite>
<testsuite name="e2e/advanced/export-functionality.spec.ts" timestamp="2025-10-23T14:32:57.877Z" hostname="webkit" tests="1" failures="0" skipped="0" time="8.975" errors="0">
<testcase name="Advanced User - Export Functionality with Different Formats (Story 5) › Export Customization and Options › should provide export customization options" classname="e2e/advanced/export-functionality.spec.ts" time="8.975">
<system-out>
<![CDATA[⏳ Waiting for JSON to be processed...
✅ Loading spinner disappeared: [data-testid="loading"]:visible
✅ Found JSON content with selector: .json-node[data-testid="json-node"]
✅ JSON processing wait completed
⏳ Waiting for JSON to be processed...
✅ Loading spinner disappeared: [data-testid="loading"]:visible
✅ Found JSON content with selector: .json-node[data-testid="json-node"]
✅ JSON processing wait completed
Export customization options found: { indentation: [33m3[39m, encoding: [33m3[39m, compression: [33m3[39m, metadata: [33m2[39m }
Compression checkbox available: true
Primary click on download button failed, attempting JS-triggered click
Exported content preview: {"success":true,"timestamp":"2025-10-23T14:33:00.714Z","requestId":"req_fqmb31vqx2a","data":{"users":[{"id":1,"username":"user1","email":"user1@example.com","firstName":"Bob","lastName":"Davis","activ
⚠ Warning: File is still minified despite indentation setting
This suggests the export might have compression enabled by default
]]>
</system-out>
</testcase>
</testsuite>
<testsuite name="e2e/advanced/export-functionality.spec.ts" timestamp="2025-10-23T14:32:57.877Z" hostname="Mobile Chrome" tests="1" failures="0" skipped="0" time="8.835" errors="0">
<testcase name="Advanced User - Export Functionality with Different Formats (Story 5) › Export Customization and Options › should provide export customization options" classname="e2e/advanced/export-functionality.spec.ts" time="8.835">
<system-out>
<![CDATA[⏳ Waiting for JSON to be processed...
✅ Loading spinner disappeared: [data-testid="loading"]:visible
✅ Found JSON content with selector: .json-node[data-testid="json-node"]
✅ JSON processing wait completed
⏳ Waiting for JSON to be processed...
✅ Loading spinner disappeared: [data-testid="loading"]:visible
✅ Found JSON content with selector: .json-node[data-testid="json-node"]
✅ JSON processing wait completed
Export customization options found: { indentation: [33m3[39m, encoding: [33m3[39m, compression: [33m3[39m, metadata: [33m2[39m }
Compression checkbox available: true
Primary click on download button failed, attempting JS-triggered click
Exported content preview: {"success":true,"timestamp":"2025-10-23T14:33:00.554Z","requestId":"req_rrubb3isms","data":{"users":[{"id":1,"username":"user1","email":"user1@example.com","firstName":"Jane","lastName":"Davis","activ
⚠ Warning: File is still minified despite indentation setting
This suggests the export might have compression enabled by default
]]>
</system-out>
</testcase>
</testsuite>
<testsuite name="e2e/advanced/export-functionality.spec.ts" timestamp="2025-10-23T14:32:57.877Z" hostname="Mobile Safari" tests="1" failures="0" skipped="0" time="8.937" errors="0">
<testcase name="Advanced User - Export Functionality with Different Formats (Story 5) › Export Customization and Options › should provide export customization options" classname="e2e/advanced/export-functionality.spec.ts" time="8.937">
<system-out>
<![CDATA[⏳ Waiting for JSON to be processed...
✅ Loading spinner disappeared: [data-testid="loading"]:visible
✅ Found JSON content with selector: .json-node[data-testid="json-node"]
✅ JSON processing wait completed
⏳ Waiting for JSON to be processed...
✅ Loading spinner disappeared: [data-testid="loading"]:visible
✅ Found JSON content with selector: .json-node[data-testid="json-node"]
✅ JSON processing wait completed
Export customization options found: { indentation: [33m3[39m, encoding: [33m3[39m, compression: [33m3[39m, metadata: [33m2[39m }
Compression checkbox available: true
Primary click on download button failed, attempting JS-triggered click
Exported content preview: {"success":true,"timestamp":"2025-10-23T14:33:00.724Z","requestId":"req_wajpbk8o7z","data":{"users":[{"id":1,"username":"user1","email":"user1@example.com","firstName":"Alice","lastName":"Johnson","ac
⚠ Warning: File is still minified despite indentation setting
This suggests the export might have compression enabled by default
]]>
</system-out>
</testcase>
</testsuite>
</testsuites>